// Jest Snapshot v1, https://goo.gl/fbAQLP

exports[`LoginPage matches snapshot 1`] = `
<DocumentFragment>
  <div
    class="login"
  >
    <img
      alt="Logo"
      height="200"
      src="[object Object]"
      width="200"
    />
    <br />
    <button>
      Simulate login
    </button>
  </div>
</DocumentFragment>
`;
