// Jest Snapshot v1, https://goo.gl/fbAQLP

exports[`Login page matches snapshot 1`] = `
<DocumentFragment>
  <div
    class="root"
  >
    <img
      alt="Logo"
      height="200"
      src="[object Object]"
      width="200"
    />
    <button>
      Simulate login
    </button>
  </div>
</DocumentFragment>
`;
